acpi
acpi-support-base
acpid
adduser
apt
apt-rdepends
apt-transport-https
apt-utils
aptitude
aptitude-common
augeas-lenses
base-files
base-passwd
bash
bind9-host
binutils
bloonix-agent
bloonix-core
bloonix-plugins-linux
bloonix-plugins-sensors
bridge-utils
bsdmainutils
bsdutils
busybox
bzip2
ca-certificates
console-setup
console-setup-linux
coreutils
cpio
cpufrequtils
cron
curl
dash
dbus
debconf
debconf-i18n
debconf-utils
debian-archive-keyring
debianutils
debsums
diffutils
dmidecode
dmsetup
dnsmasq-base
dnsutils
dpkg
e2fslibs:amd64
e2fsprogs
ebtables
eject
ethtool
exim4
exim4-base
exim4-config
exim4-daemon-light
facter
fail2ban
file
findutils
firmware-linux-free
firmware-linux-nonfree
firmware-realtek
fontconfig
fontconfig-config
fonts-droid
fonts-liberation
gamin
gawk
gcc-4.4-base:amd64
gcc-4.7-base:amd64
gdisk
geoip-database
gettext-base
ghostscript
gnupg
gnuplot
gnuplot-nox
gpgv
grep
groff
groff-base
grub
grub-common
grub-pc
grub-pc-bin
grub2-common
gsfonts
gzip
hdparm
heirloom-mailx
hicolor-icon-theme
hostname
htop
ifupdown
imagemagick
imagemagick-common
info
initramfs-tools
initscripts
insserv
install-info
iotop
iproute
iptables
iputils-ping
iputils-tracepath
ipxe-qemu
ipython
isc-dhcp-client
isc-dhcp-common
iso-codes
kbd
keyboard-configuration
klibc-utils
kmod
krb5-locales
less
libacl1:amd64
libaio1:amd64
libapr1
libaprutil1
libapt-inst1.5:amd64
libapt-pkg-perl
libapt-pkg4.12:amd64
libasound2:amd64
libasprintf0c2:amd64
libasyncns0:amd64
libatk1.0-0:amd64
libatk1.0-data
libattr1:amd64
libaugeas0
libavahi-client3:amd64
libavahi-common-data:amd64
libavahi-common3:amd64
libbind9-80
libblas3
libblas3gf
libblkid1:amd64
libbluetooth3:amd64
libboost-iostreams1.42.0
libboost-iostreams1.49.0
libbrlapi0.5:amd64
libbsd0:amd64
libbz2-1.0:amd64
libc-bin
libc6:amd64
libcaca0:amd64
libcairo2:amd64
libcap-ng0
libcap2:amd64
libclass-isa-perl
libcomerr2:amd64
libcommon-sense-perl
libcpufreq0
libcroco3:amd64
libcups2:amd64
libcupsimage2:amd64
libcurl3:amd64
libcurl3-gnutls:amd64
libcwidget3
libdata-optlist-perl
libdatrie1:amd64
libdb4.8
libdb5.1:amd64
libdbi-perl
libdbus-1-3:amd64
libdevmapper-event1.02.1:amd64
libdevmapper1.02.1:amd64
libdirectfb-1.2-9:amd64
libdjvulibre-text
libdjvulibre21
libdns88
libdpkg-perl
libedit2:amd64
libencode-locale-perl
libept1.4.12
libevent-2.0-5:amd64
libexiv2-12
libexpat1:amd64
libffi5:amd64
libfile-fcntllock-perl
libfile-fnmatch-perl
libfile-listing-perl
libflac8:amd64
libfont-afm-perl
libfontconfig1:amd64
libfreetype6:amd64
libfuse2:amd64
libgamin0
libgc1c2
libgcc1:amd64
libgcrypt11:amd64
libgd2-noxpm:amd64
libgdbm3:amd64
libgdk-pixbuf2.0-0:amd64
libgdk-pixbuf2.0-common
libgeoip1
libgetopt-long-descriptive-perl
libgfortran3:amd64
libglib2.0-0:amd64
libglib2.0-data
libgnutls26:amd64
libgomp1:amd64
libgpg-error0:amd64
libgpm2:amd64
libgs9
libgs9-common
libgssapi-krb5-2:amd64
libgtk2.0-0:amd64
libgtk2.0-bin
libgtk2.0-common
libhtml-form-perl
libhtml-format-perl
libhtml-parser-perl
libhtml-tagset-perl
libhtml-tree-perl
libhttp-cookies-perl
libhttp-daemon-perl
libhttp-date-perl
libhttp-message-perl
libhttp-negotiate-perl
libhttp-tiny-perl
libice6:amd64
libicu48:amd64
libidn11:amd64
libijs-0.35
libilmbase6
libio-socket-inet6-perl
libio-socket-ssl-perl
libio-stringy-perl
libisc84
libisccc80
libisccfg82
libiscsi1:amd64
libjasper1:amd64
libjbig0:amd64
libjbig2dec0
libjpeg8:amd64
libjson-perl
libjson-xs-perl
libjson0:amd64
libk5crypto3:amd64
libkeyutils1:amd64
libklibc
libkmod2:amd64
libkrb5-3:amd64
libkrb5support0:amd64
liblcms1:amd64
liblcms2-2:amd64
libldap-2.4-2:amd64
liblensfun-data
liblensfun0
liblinear-tools
liblinear1
liblocale-gettext-perl
liblockfile-bin
liblockfile1:amd64
liblog-handler-perl
liblqr-1-0:amd64
libltdl7:amd64
liblua5.1-0:amd64
liblwp-mediatypes-perl
liblwp-protocol-https-perl
liblwres80
liblzma2
liblzma5:amd64
libmagic1:amd64
libmagickcore5:amd64
libmagickcore5-extra:amd64
libmagickwand5:amd64
libmailtools-perl
libmodule-implementation-perl
libmodule-runtime-perl
libmount1
libncurses5:amd64
libncursesw5:amd64
libneon27-gnutls
libnet-http-perl
libnet-snmp-perl
libnet-ssleay-perl
libnetcf1
libnetfilter-conntrack3:amd64
libnetpbm10
libnewt0.52
libnfnetlink0
libnl1:amd64
libnuma1
libogg0:amd64
libopenexr6
libopts25
libp11-kit0:amd64
libpam-modules:amd64
libpam-modules-bin
libpam-runtime
libpam0g:amd64
libpango1.0-0:amd64
libpaper-utils
libpaper1:amd64
libparams-classify-perl
libparams-util-perl
libparams-validate-perl
libparted0debian1:amd64
libpcap0.8:amd64
libpci3:amd64
libpciaccess0:amd64
libpcre3:amd64
libpipeline1:amd64
libpixman-1-0:amd64
libpng12-0:amd64
libpopt0:amd64
libprocps0:amd64
libpulse0:amd64
libquadmath0:amd64
libreadline5:amd64
libreadline6:amd64
librsvg2-2:amd64
librsvg2-common:amd64
librtmp0:amd64
libruby1.9.1
libsasl2-2:amd64
libsasl2-modules:amd64
libsdl1.2debian:amd64
libselinux1:amd64
libsemanage-common
libsemanage1:amd64
libsensors4:amd64
libsepol1:amd64
libsigc++-2.0-0c2a:amd64
libsigsegv2
libslang2:amd64
libsm6:amd64
libsndfile1:amd64
libsocket6-perl
libspice-server1:amd64
libsqlite3-0:amd64
libss2:amd64
libssh2-1:amd64
libssl0.9.8
libssl1.0.0:amd64
libstdc++6:amd64
libsub-exporter-perl
libsub-install-perl
libsvm-tools
libsvn1:amd64
libswitch-perl
libsystemd-login0:amd64
libtasn1-3:amd64
libterm-readkey-perl
libtext-charwidth-perl
libtext-iconv-perl
libtext-wrapi18n-perl
libthai-data
libthai0:amd64
libtiff4:amd64
libtime-modules-perl
libtimedate-perl
libtinfo5:amd64
libtry-tiny-perl
libts-0.0-0:amd64
libudev0:amd64
liburi-perl
libusb-0.1-4:amd64
libusb-1.0-0:amd64
libusbredirparser0:amd64
libustr-1.0-1:amd64
libuuid-perl
libuuid1:amd64
libvdeplug2
libvirt-bin
libvirt-doc
libvirt0
libvorbis0a:amd64
libvorbisenc2:amd64
libwmf0.2-7:amd64
libwrap0:amd64
libwww-perl
libwww-robotrules-perl
libx11-6:amd64
libx11-data
libx11-xcb1:amd64
libxapian22
libxau6:amd64
libxaw7:amd64
libxcb-render0:amd64
libxcb-shm0:amd64
libxcb1:amd64
libxcomposite1:amd64
libxcursor1:amd64
libxdamage1:amd64
libxdmcp6:amd64
libxenstore3.0
libxext6:amd64
libxfixes3:amd64
libxft2:amd64
libxi6:amd64
libxinerama1:amd64
libxml2:amd64
libxml2-utils
libxmu6:amd64
libxmuu1:amd64
libxpm4:amd64
libxrandr2:amd64
libxrender1:amd64
libxslt1.1:amd64
libxt6:amd64
libxtst6:amd64
libyajl2
libyaml-0-2:amd64
lilo
linux-base
linux-image-2.6-amd64
linux-image-2.6.32-5-amd64
linux-image-3.2.0-4-amd64
linux-image-amd64
lm-sensors
locales
locate
lockfile-progs
login
logrotate
lsb-base
lsb-release
lsof
lvm2
man-db
manpages
mawk
mdadm
mime-support
module-init-tools
molly-guard
mount
mtr
multiarch-support
nano
ncurses-base
ncurses-bin
ncurses-term
net-tools
netbase
netcat-openbsd
netcat-traditional
netpbm
nmap
ntp
ntpdate
openssh-blacklist
openssh-blacklist-extra
openssh-client
openssh-server
openssl
parted
passwd
pciutils
perl
perl-base
perl-modules
poppler-data
powermgmt-base
procps
psmisc
psutils
python
python-apt
python-apt-common
python-central
python-configobj
python-decorator
python-gamin
python-minimal
python-pexpect
python-simplegeneric
python-support
python2.6
python2.6-minimal
python2.7
python2.7-minimal
qemu-keymaps
qemu-kvm
qemu-utils
readline-common
rkhunter
rsync
rsyslog
ruby
ruby-json
ruby1.9.1
seabios
sed
sensible-utils
sgml-base
shared-mime-info
sharutils
smartmontools
subversion
sudo
sysv-rc
sysvinit
sysvinit-utils
tar
tasksel
tasksel-data
tcpd
tcpdump
telnet
tmux
traceroute
tsconf
ttf-dejavu-core
tzdata
ucf
udev
ufraw-batch
unattended-upgrades
unhide
usbutils
util-linux
vgabios
vim
vim-common
vim-runtime
vim-tiny
w3m
wget
whiptail
whois
x11-common
xauth
xfsprogs
xkb-data
xml-core
xz-utils
zlib1g:amd64
