acl
acpi
acpi-support-base
acpid
adduser
apt
apt-rdepends
apt-transport-https
apt-utils
at
augeas-lenses
base-files
base-passwd
bash
bash-completion
bind9-host
binutils
bloonix-agent
bloonix-core
bloonix-plugins-linux
bloonix-plugins-sensors
bridge-utils
bsdmainutils
bsdutils
busybox
bzip2
ca-certificates
console-setup
console-setup-linux
coreutils
cpio
cpp
cpp-4.8
cpp-4.9
cron
curl
dash
dbus
debconf
debconf-i18n
debian-archive-keyring
debianutils
dh-python
dictionaries-common
diffutils
discover
discover-data
dkms
dmeventd
dmidecode
dmsetup
dns-root-data
dnsmasq-base
dpkg
e2fslibs:amd64
e2fsprogs
ebtables
eject
emacsen-common
ethtool
facter
fail2ban
fakeroot
file
findutils
fontconfig
fontconfig-config
fonts-dejavu-core
gcc
gcc-4.8
gcc-4.8-base:amd64
gcc-4.9
gcc-4.9-base:amd64
gdisk
geoip-database
gettext-base
git
git-man
gnupg
gpgv
grep
groff-base
grub-common
grub-pc
grub-pc-bin
grub2-common
gzip
haveged
hdparm
heirloom-mailx
hicolor-icon-theme
hostname
htop
iamerican
ibritish
ienglish-common
ifupdown
init
init-system-helpers
initramfs-tools
initscripts
insserv
installation-report
iotop
iproute
iproute2
iptables
iputils-ping
iputils-tracepath
ipxe-qemu
isc-dhcp-client
isc-dhcp-common
iso-codes
ispell
javascript-common
kbd
keyboard-configuration
klibc-utils
kmod
krb5-locales
laptop-detect
less
libacl1:amd64
libaio1:amd64
libalgorithm-c3-perl
libapparmor1:amd64
libapr1:amd64
libaprutil1:amd64
libapt-inst1.5:amd64
libapt-pkg-perl
libapt-pkg4.12:amd64
libarchive-extract-perl
libasan0:amd64
libasan1:amd64
libasound2:amd64
libasound2-data
libasprintf0c2:amd64
libasyncns0:amd64
libatk1.0-0:amd64
libatk1.0-data
libatomic1:amd64
libattr1:amd64
libaudit-common
libaudit1:amd64
libaugeas0
libauthen-sasl-perl
libavahi-client3:amd64
libavahi-common-data:amd64
libavahi-common3:amd64
libbind9-90
libblas-common
libblas3
libblkid1:amd64
libbluetooth3:amd64
libboost-iostreams1.55.0:amd64
libboost-system1.55.0:amd64
libboost-thread1.55.0:amd64
libbrlapi0.6:amd64
libbsd0:amd64
libbz2-1.0:amd64
libc-bin
libc-dev-bin
libc6:amd64
libc6-dev:amd64
libcaca0:amd64
libcairo2:amd64
libcap-ng0:amd64
libcap2:amd64
libcap2-bin
libcgi-fast-perl
libcgi-pm-perl
libcilkrts5:amd64
libclass-c3-perl
libclass-c3-xs-perl
libcloog-isl4:amd64
libcomerr2:amd64
libcommon-sense-perl
libcpan-meta-perl
libcryptsetup4:amd64
libcups2:amd64
libcurl3:amd64
libcurl3-gnutls:amd64
libdata-optlist-perl
libdata-section-perl
libdatrie1:amd64
libdb5.3:amd64
libdbus-1-3:amd64
libdebconfclient0:amd64
libdevmapper-event1.02.1:amd64
libdevmapper1.02.1:amd64
libdigest-hmac-perl
libdirectfb-1.2-9:amd64
libdiscover2
libdns-export100
libdns100
libedit2:amd64
libencode-locale-perl
liberror-perl
libestr0
libevent-2.0-5:amd64
libexpat1:amd64
libfakeroot:amd64
libfcgi-perl
libfdt1:amd64
libffi6:amd64
libfile-listing-perl
libflac8:amd64
libfont-afm-perl
libfontconfig1:amd64
libfreetype6:amd64
libfuse2:amd64
libgc1c2:amd64
libgcc-4.8-dev:amd64
libgcc-4.9-dev:amd64
libgcc1:amd64
libgcrypt20:amd64
libgdbm3:amd64
libgdk-pixbuf2.0-0:amd64
libgdk-pixbuf2.0-common
libgeoip1:amd64
libgetopt-long-descriptive-perl
libgfortran3:amd64
libglib2.0-0:amd64
libglib2.0-data
libgmp10:amd64
libgnutls-deb0-28:amd64
libgnutls-openssl27:amd64
libgomp1:amd64
libgpg-error0:amd64
libgpm2:amd64
libgraphite2-3:amd64
libgssapi-krb5-2:amd64
libgtk2.0-0:amd64
libgtk2.0-bin
libgtk2.0-common
libharfbuzz0b:amd64
libhavege1:amd64
libhogweed2:amd64
libhtml-form-perl
libhtml-format-perl
libhtml-parser-perl
libhtml-tagset-perl
libhtml-tree-perl
libhttp-cookiejar-perl
libhttp-cookies-perl
libhttp-daemon-perl
libhttp-date-perl
libhttp-message-perl
libhttp-negotiate-perl
libhttp-tiny-perl
libice6:amd64
libicu52:amd64
libidn11:amd64
libio-html-perl
libio-socket-inet6-perl
libio-socket-ssl-perl
libio-stringy-perl
libirs-export91
libisc-export95
libisc95
libisccc90
libisccfg-export90
libisccfg90
libiscsi2:amd64
libisl10:amd64
libitm1:amd64
libjasper1:amd64
libjbig0:amd64
libjpeg62-turbo:amd64
libjs-jquery
libjson-c2:amd64
libjson-perl
libjson-xs-perl
libk5crypto3:amd64
libkeyutils1:amd64
libklibc
libkmod2:amd64
libkrb5-3:amd64
libkrb5support0:amd64
libldap-2.4-2:amd64
liblinear1:amd64
liblocale-gettext-perl
liblockfile-bin
liblockfile1:amd64
liblog-handler-perl
liblog-message-perl
liblog-message-simple-perl
liblogging-stdlog0:amd64
liblognorm1:amd64
liblsan0:amd64
liblua5.2-0:amd64
liblvm2cmd2.02:amd64
liblwp-mediatypes-perl
liblwp-protocol-https-perl
liblwres90
liblzma5:amd64
libmagic1:amd64
libmailtools-perl
libmnl0:amd64
libmodule-build-perl
libmodule-implementation-perl
libmodule-pluggable-perl
libmodule-runtime-perl
libmodule-signature-perl
libmount1:amd64
libmpc3:amd64
libmpdec2:amd64
libmpfr4:amd64
libmro-compat-perl
libncurses5:amd64
libncursesw5:amd64
libnet-dns-perl
libnet-http-perl
libnet-ip-perl
libnet-smtp-ssl-perl
libnet-snmp-perl
libnet-ssleay-perl
libnetaddr-ip-perl
libnetcf1
libnetfilter-acct1:amd64
libnetfilter-conntrack3:amd64
libnettle4:amd64
libnewt0.52:amd64
libnfnetlink0:amd64
libnl-3-200:amd64
libnl-route-3-200:amd64
libnspr4:amd64
libnss3:amd64
libnuma1:amd64
libogg0:amd64
libopts25:amd64
libopus0:amd64
libp11-kit0:amd64
libpackage-constants-perl
libpam-modules:amd64
libpam-modules-bin
libpam-runtime
libpam-systemd:amd64
libpam0g:amd64
libpango-1.0-0:amd64
libpango1.0-0:amd64
libpangocairo-1.0-0:amd64
libpangoft2-1.0-0:amd64
libpangox-1.0-0:amd64
libpangoxft-1.0-0:amd64
libparams-classify-perl
libparams-util-perl
libparams-validate-perl
libparted2:amd64
libpcap0.8:amd64
libpci3:amd64
libpciaccess0:amd64
libpcre3:amd64
libperl4-corelibs-perl
libpipeline1:amd64
libpixman-1-0:amd64
libpng12-0:amd64
libpod-latex-perl
libpod-readme-perl
libpolkit-agent-1-0:amd64
libpolkit-backend-1-0:amd64
libpolkit-gobject-1-0:amd64
libpopt0:amd64
libprocps3:amd64
libpsl0:amd64
libpulse0:amd64
libpython-stdlib:amd64
libpython2.7-minimal:amd64
libpython2.7-stdlib:amd64
libpython3-stdlib:amd64
libpython3.4-minimal:amd64
libpython3.4-stdlib:amd64
libquadmath0:amd64
librados2
librbd1
libreadline5:amd64
libreadline6:amd64
libregexp-common-perl
librtmp1:amd64
libruby2.1:amd64
libsasl2-2:amd64
libsasl2-modules:amd64
libsasl2-modules-db:amd64
libsdl1.2debian:amd64
libseccomp2:amd64
libselinux1:amd64
libsemanage-common
libsemanage1:amd64
libsensors4:amd64
libsepol1:amd64
libserf-1-1:amd64
libsigc++-2.0-0c2a:amd64
libslang2:amd64
libsm6:amd64
libsmartcols1:amd64
libsndfile1:amd64
libsocket6-perl
libsoftware-license-perl
libspice-server1:amd64
libsqlite3-0:amd64
libss2:amd64
libssh2-1:amd64
libssl1.0.0:amd64
libstdc++6:amd64
libsub-exporter-perl
libsub-install-perl
libsvn1:amd64
libsystemd0:amd64
libtasn1-6:amd64
libterm-readkey-perl
libterm-ui-perl
libtext-charwidth-perl
libtext-iconv-perl
libtext-soundex-perl
libtext-template-perl
libtext-wrapi18n-perl
libthai-data
libthai0:amd64
libtiff5:amd64
libtime-modules-perl
libtime-parsedate-perl
libtimedate-perl
libtinfo5:amd64
libtry-tiny-perl
libtsan0:amd64
libubsan0:amd64
libudev1:amd64
liburi-perl
libusb-0.1-4:amd64
libusb-1.0-0:amd64
libusbredirparser1:amd64
libustr-1.0-1:amd64
libuuid-perl
libuuid1:amd64
libvdeplug2
libvirt-bin
libvirt-clients
libvirt-daemon
libvirt-daemon-system
libvirt-doc
libvirt0
libvorbis0a:amd64
libvorbisenc2:amd64
libwrap0:amd64
libwww-perl
libwww-robotrules-perl
libx11-6:amd64
libx11-data
libx11-xcb1:amd64
libx86-1:amd64
libxau6:amd64
libxcb-render0:amd64
libxcb-shm0:amd64
libxcb1:amd64
libxcomposite1:amd64
libxcursor1:amd64
libxdamage1:amd64
libxdmcp6:amd64
libxen-4.4:amd64
libxenstore3.0:amd64
libxext6:amd64
libxfixes3:amd64
libxft2:amd64
libxi6:amd64
libxinerama1:amd64
libxml2:amd64
libxml2-utils
libxmuu1:amd64
libxrandr2:amd64
libxrender1:amd64
libxslt1.1:amd64
libxtables10
libxtst6:amd64
libyajl2:amd64
libyaml-0-2:amd64
linux-base
linux-compiler-gcc-4.8-x86
linux-headers-3.16.0-4-amd64
linux-headers-3.16.0-4-common
linux-headers-amd64
linux-image-3.16.0-4-amd64
linux-image-amd64
linux-kbuild-3.16
linux-libc-dev:amd64
lm-sensors
locales
locate
lockfile-progs
login
logrotate
lsb-base
lsb-release
lsof
lvm2
make
man-db
manpages
manpages-dev
mawk
mc
mc-data
mime-support
molly-guard
mount
mtr
multiarch-support
multitail
nano
ncurses-base
ncurses-bin
ncurses-term
ndiff
net-tools
netbase
netcat-openbsd
netcat-traditional
nfacct
nmap
ntp
ntpdate
openssh-blacklist
openssh-blacklist-extra
openssh-client
openssh-server
openssh-sftp-server
openssl
os-prober
parted
passwd
patch
pciutils
perl
perl-base
perl-modules
pm-utils
policykit-1
postfix
powermgmt-base
procps
psmisc
python
python-apt
python-apt-common
python-lxml
python-minimal
python-pyinotify
python2.7
python2.7-minimal
python3
python3-apt
python3-minimal
python3.4
python3.4-minimal
qemu-kvm
qemu-system-common
qemu-system-x86
qemu-utils
readline-common
rename
rkhunter
rsync
rsyslog
ruby
ruby-json
ruby2.1
rubygems-integration
seabios
sed
sensible-utils
sgml-base
shared-mime-info
sharutils
ssl-cert
startpar
subversion
sudo
systemd
systemd-sysv
sysv-rc
sysvinit-utils
tar
task-english
tasksel
tasksel-data
tcpd
tcpdump
telnet
time
tmux
traceroute
tree
tzdata
ucf
udev
unattended-upgrades
unhide
unzip
util-linux
util-linux-locales
vbetool
vgabios
vim
vim-common
vim-runtime
vim-tiny
virt-what
w3m
wamerican
wget
whiptail
whois
x11-common
xauth
xdg-user-dirs
xkb-data
xml-core
xz-utils
zlib1g:amd64
zsh
zsh-common
