acpi
acpi-support-base
apt-transport-https
aptitude-doc-en
bc
bloonix-plugins-linux
bloonix-plugins-sensors
bridge-utils
dc
debconf-i18n
debian-faq
diffutils
dns-root-data
dnsmasq-base
docutils-doc
ebtables
eject
ethtool
fail2ban
gcc-4.8-base:amd64
gdisk
geoip-database
grep
gzip
hdparm
hicolor-icon-theme
hostname
htop
info
init
installation-report
iotop
iputils-tracepath
isc-dhcp-client
iso-codes
javascript-common
krb5-locales
laptop-detect
libarchive-extract-perl
libauthen-sasl-perl
libclass-c3-xs-perl
libclass-isa-perl
libglib2.0-data
libhtml-form-perl
libhtml-format-perl
libhttp-cookiejar-perl
libhttp-daemon-perl
libjs-jquery
libmailtools-perl
libmodule-pluggable-perl
libmodule-signature-perl
libpaper-utils
libparse-debianchangelog-perl
libpod-latex-perl
libpod-readme-perl
libsoftware-license-perl
libswitch-perl
libterm-ui-perl
libtext-soundex-perl
libvirt-doc
libxml-sax-expat-perl
libxml2-utils
linux-image-amd64
lockfile-progs
login
lsof
m4
manpages
mawk
multitail
mutt
nano
ncurses-bin
ndiff
netcat-openbsd
netcat-traditional
nfacct
ntp
ntpdate
openssh-blacklist
openssh-blacklist-extra
os-prober
pm-utils
psmisc
python-pil:amd64
python-pygments
python-pyinotify
rename
rsync
sharutils
subversion
task-english
tcpdump
telnet
time
tmux
tree
unhide
unzip
vbetool
vgabios
vim
virt-what
xauth
xdg-user-dirs
