acpi
acpi-support-base
apt-rdepends
apt-transport-https
bash
bloonix-plugins-linux
bloonix-plugins-sensors
bridge-utils
busybox
cpufrequtils
dbus
debconf-i18n
debsums
diffutils
dmidecode
dnsmasq-base
ebtables
eject
ethtool
fail2ban
firmware-linux-free
firmware-linux-nonfree
firmware-realtek
fonts-droid
fonts-liberation
gawk
gcc-4.4-base:amd64
gdisk
geoip-database
grep
gzip
hdparm
hostname
htop
info
iotop
iptables
iputils-tracepath
ipython
iso-codes
krb5-locales
libboost-iostreams1.42.0
libdb4.8
libfile-fcntllock-perl
libglib2.0-data
libhtml-form-perl
libhtml-format-perl
libhttp-daemon-perl
liblinear-tools
liblzma2
libmailtools-perl
libpaper-utils
libsasl2-modules:amd64
libssl0.9.8
libsvm-tools
libvirt-bin
libvirt-doc
libxml2-utils
linux-image-2.6.32-5-amd64
lockfile-progs
login
lsof
manpages
mawk
nano
ncurses-bin
netcat-openbsd
netcat-traditional
netpbm
nmap
ntp
ntpdate
openssh-blacklist
openssh-blacklist-extra
psmisc
psutils
python-gamin
rsync
sharutils
smartmontools
subversion
tcpdump
telnet
tmux
ufraw-batch
unhide
usbutils
vim
w3m
xauth
xfsprogs
xml-core
